Archive member included because of file (symbol)

c:/program files (x86)/codesourcery/sourcery_codebench_lite_for_arm_eabi/bin/../lib/gcc/arm-none-eabi/4.6.3/thumb2\libgcc.a(_arm_addsubsf3.o)
                              ..\obj\main.o (__aeabi_fadd)
c:/program files (x86)/codesourcery/sourcery_codebench_lite_for_arm_eabi/bin/../lib/gcc/arm-none-eabi/4.6.3/thumb2\libgcc.a(_arm_muldivsf3.o)
                              ..\obj\main.o (__aeabi_fdiv)
c:/program files (x86)/codesourcery/sourcery_codebench_lite_for_arm_eabi/bin/../lib/gcc/arm-none-eabi/4.6.3/thumb2\libgcc.a(_arm_fixsfsi.o)
                              ..\obj\main.o (__aeabi_f2iz)

Allocating common symbols
Common symbol       size              file

CurrentPos          0x4               ..\obj\stm32f4_discovery_audio_codec.o
TIM_BDTRInitStructure
                    0xe               ..\obj\main.o
TIM_TimeBaseStructure
                    0xc               ..\obj\main.o
LIS302DL_InitStruct
                    0x5               ..\obj\main.o
Y_Offset            0x1               ..\obj\main.o
LIS302DL_FilterStruct
                    0x3               ..\obj\main.o
connected           0x14              ..\obj\main.o
TIM_OCInitStructure
                    0x14              ..\obj\main.o
X_Offset            0x1               ..\obj\main.o
AUDIO_MAL_DMA_InitStructure
                    0x3c              ..\obj\stm32f4_discovery_audio_codec.o
Buffer              0x6               ..\obj\main.o
NVIC_InitStructure  0x4               ..\obj\stm32f4_discovery.o
DMA_InitStructure   0x3c              ..\obj\stm32f4_discovery_audio_codec.o
received_string     0x15              ..\obj\main.o

Discarded input sections

 .text          0x00000000        0x0 ..\obj\semihosting.o
 .data          0x00000000        0x0 ..\obj\semihosting.o
 .text.SH_SendString
                0x00000000       0x28 ..\obj\semihosting.o
 .text.SH_GetChar
                0x00000000       0x4c ..\obj\semihosting.o
 .text          0x00000000        0x0 ..\obj\stm32f4xx_syscfg.o
 .data          0x00000000        0x0 ..\obj\stm32f4xx_syscfg.o
 .bss           0x00000000        0x0 ..\obj\stm32f4xx_syscfg.o
 .text.SYSCFG_DeInit
                0x00000000       0x20 ..\obj\stm32f4xx_syscfg.o
 .text.SYSCFG_MemoryRemapConfig
                0x00000000       0x20 ..\obj\stm32f4xx_syscfg.o
 .text.SYSCFG_EXTILineConfig
                0x00000000       0xb0 ..\obj\stm32f4xx_syscfg.o
 .text.SYSCFG_ETH_MediaInterfaceConfig
                0x00000000       0x20 ..\obj\stm32f4xx_syscfg.o
 .text.SYSCFG_CompensationCellCmd
                0x00000000       0x20 ..\obj\stm32f4xx_syscfg.o
 .text.SYSCFG_GetCompensationCellStatus
                0x00000000       0x3c ..\obj\stm32f4xx_syscfg.o
 .debug_info    0x00000000      0x26c ..\obj\stm32f4xx_syscfg.o
 .debug_abbrev  0x00000000      0x12a ..\obj\stm32f4xx_syscfg.o
 .debug_loc     0x00000000      0x144 ..\obj\stm32f4xx_syscfg.o
 .debug_aranges
                0x00000000       0x48 ..\obj\stm32f4xx_syscfg.o
 .debug_ranges  0x00000000       0x38 ..\obj\stm32f4xx_syscfg.o
 .debug_line    0x00000000      0x1f2 ..\obj\stm32f4xx_syscfg.o
 .debug_str     0x00000000      0x259 ..\obj\stm32f4xx_syscfg.o
 .comment       0x00000000       0x31 ..\obj\stm32f4xx_syscfg.o
 .ARM.attributes
                0x00000000       0x33 ..\obj\stm32f4xx_syscfg.o
 .debug_frame   0x00000000       0xbc ..\obj\stm32f4xx_syscfg.o
 .text          0x00000000        0x0 ..\obj\stm32f4_discovery_audio_codec.o
 .bss           0x00000000        0x8 ..\obj\stm32f4_discovery_audio_codec.o
 .text.EVAL_AUDIO_SetAudioInterface
                0x00000000      0x170 ..\obj\stm32f4_discovery_audio_codec.o
 .text.EVAL_AUDIO_Init
                0x00000000       0x68 ..\obj\stm32f4_discovery_audio_codec.o
 .text.EVAL_AUDIO_DeInit
                0x00000000       0x14 ..\obj\stm32f4_discovery_audio_codec.o
 .text.EVAL_AUDIO_Play
                0x00000000       0x98 ..\obj\stm32f4_discovery_audio_codec.o
 .text.EVAL_AUDIO_PauseResume
                0x00000000       0x34 ..\obj\stm32f4_discovery_audio_codec.o
 .text.EVAL_AUDIO_Stop
                0x00000000       0x40 ..\obj\stm32f4_discovery_audio_codec.o
 .text.EVAL_AUDIO_VolumeCtl
                0x00000000       0x4c ..\obj\stm32f4_discovery_audio_codec.o
 .text.EVAL_AUDIO_Mute
                0x00000000       0x1c ..\obj\stm32f4_discovery_audio_codec.o
 .text.Codec_Init
                0x00000000      0x1a8 ..\obj\stm32f4_discovery_audio_codec.o
 .text.Codec_DeInit
                0x00000000       0x3c ..\obj\stm32f4_discovery_audio_codec.o
 .text.Codec_Play
                0x00000000       0x10 ..\obj\stm32f4_discovery_audio_codec.o
 .text.Codec_PauseResume
                0x00000000       0x88 ..\obj\stm32f4_discovery_audio_codec.o
 .text.Codec_Stop
                0x00000000       0x70 ..\obj\stm32f4_discovery_audio_codec.o
 .text.Codec_VolumeCtrl
                0x00000000       0x8c ..\obj\stm32f4_discovery_audio_codec.o
 .text.Codec_Mute
                0x00000000       0x54 ..\obj\stm32f4_discovery_audio_codec.o
 .text.Codec_Reset
                0x00000000       0x38 ..\obj\stm32f4_discovery_audio_codec.o
 .text.Codec_WriteRegister
                0x00000000      0x23c ..\obj\stm32f4_discovery_audio_codec.o
 .text.Codec_ReadRegister
                0x00000000      0x388 ..\obj\stm32f4_discovery_audio_codec.o
 .text.Codec_CtrlInterface_Init
                0x00000000       0x70 ..\obj\stm32f4_discovery_audio_codec.o
 .text.Codec_CtrlInterface_DeInit
                0x00000000        0xc ..\obj\stm32f4_discovery_audio_codec.o
 .text.Codec_AudioInterface_Init
                0x00000000       0xa4 ..\obj\stm32f4_discovery_audio_codec.o
 .text.Codec_AudioInterface_DeInit
                0x00000000       0x30 ..\obj\stm32f4_discovery_audio_codec.o
 .text.Codec_GPIO_Init
                0x00000000      0x1ac ..\obj\stm32f4_discovery_audio_codec.o
 .text.Codec_GPIO_DeInit
                0x00000000       0xb8 ..\obj\stm32f4_discovery_audio_codec.o
 .text.Delay    0x00000000       0x24 ..\obj\stm32f4_discovery_audio_codec.o
 .text.Audio_MAL_Init
                0x00000000      0x1ec ..\obj\stm32f4_discovery_audio_codec.o
 .text.Audio_MAL_DeInit
                0x00000000       0x5c ..\obj\stm32f4_discovery_audio_codec.o
 .text.Audio_MAL_Play
                0x00000000       0xd4 ..\obj\stm32f4_discovery_audio_codec.o
 .text.Audio_MAL_PauseResume
                0x00000000       0x90 ..\obj\stm32f4_discovery_audio_codec.o
 .text.Audio_MAL_Stop
                0x00000000       0x6c ..\obj\stm32f4_discovery_audio_codec.o
 .text.DAC_Config
                0x00000000       0x78 ..\obj\stm32f4_discovery_audio_codec.o
 .text          0x00000000        0x0 ..\obj\stm32f4xx_usart.o
 .data          0x00000000        0x0 ..\obj\stm32f4xx_usart.o
 .bss           0x00000000        0x0 ..\obj\stm32f4xx_usart.o
 .text.USART_DeInit
                0x00000000      0x100 ..\obj\stm32f4xx_usart.o
 .text.USART_StructInit
                0x00000000       0x44 ..\obj\stm32f4xx_usart.o
 .text.USART_ClockInit
                0x00000000       0x54 ..\obj\stm32f4xx_usart.o
 .text.USART_ClockStructInit
                0x00000000       0x34 ..\obj\stm32f4xx_usart.o
 .text.USART_SetPrescaler
                0x00000000       0x38 ..\obj\stm32f4xx_usart.o
 .text.USART_OverSampling8Cmd
                0x00000000       0x48 ..\obj\stm32f4xx_usart.o
 .text.USART_OneBitMethodCmd
                0x00000000       0x40 ..\obj\stm32f4xx_usart.o
 .text.USART_SendData
                0x00000000       0x28 ..\obj\stm32f4xx_usart.o
 .text.USART_ReceiveData
                0x00000000       0x24 ..\obj\stm32f4xx_usart.o
 .text.USART_SetAddress
                0x00000000       0x38 ..\obj\stm32f4xx_usart.o
 .text.USART_ReceiverWakeUpCmd
                0x00000000       0x40 ..\obj\stm32f4xx_usart.o
 .text.USART_WakeUpConfig
                0x00000000       0x38 ..\obj\stm32f4xx_usart.o
 .text.USART_LINBreakDetectLengthConfig
                0x00000000       0x38 ..\obj\stm32f4xx_usart.o
 .text.USART_LINCmd
                0x00000000       0x40 ..\obj\stm32f4xx_usart.o
 .text.USART_SendBreak
                0x00000000       0x24 ..\obj\stm32f4xx_usart.o
 .text.USART_HalfDuplexCmd
                0x00000000       0x40 ..\obj\stm32f4xx_usart.o
 .text.USART_SetGuardTime
                0x00000000       0x3c ..\obj\stm32f4xx_usart.o
 .text.USART_SmartCardCmd
                0x00000000       0x40 ..\obj\stm32f4xx_usart.o
 .text.USART_SmartCardNACKCmd
                0x00000000       0x40 ..\obj\stm32f4xx_usart.o
 .text.USART_IrDAConfig
                0x00000000       0x38 ..\obj\stm32f4xx_usart.o
 .text.USART_IrDACmd
                0x00000000       0x40 ..\obj\stm32f4xx_usart.o
 .text.USART_DMACmd
                0x00000000       0x48 ..\obj\stm32f4xx_usart.o
 .text.USART_GetFlagStatus
                0x00000000       0x40 ..\obj\stm32f4xx_usart.o
 .text.USART_ClearFlag
                0x00000000       0x24 ..\obj\stm32f4xx_usart.o
 .text.USART_ClearITPendingBit
                0x00000000       0x44 ..\obj\stm32f4xx_usart.o
 .text          0x00000000        0x0 ..\obj\stm32f4xx_dac.o
 .data          0x00000000        0x0 ..\obj\stm32f4xx_dac.o
 .bss           0x00000000        0x0 ..\obj\stm32f4xx_dac.o
 .text.DAC_DeInit
                0x00000000       0x20 ..\obj\stm32f4xx_dac.o
 .text.DAC_Init
                0x00000000       0x74 ..\obj\stm32f4xx_dac.o
 .text.DAC_StructInit
                0x00000000       0x34 ..\obj\stm32f4xx_dac.o
 .text.DAC_Cmd  0x00000000       0x64 ..\obj\stm32f4xx_dac.o
 .text.DAC_SoftwareTriggerCmd
                0x00000000       0x6c ..\obj\stm32f4xx_dac.o
 .text.DAC_DualSoftwareTriggerCmd
                0x00000000       0x4c ..\obj\stm32f4xx_dac.o
 .text.DAC_WaveGenerationCmd
                0x00000000       0x60 ..\obj\stm32f4xx_dac.o
 .text.DAC_SetChannel2Data
                0x00000000       0x38 ..\obj\stm32f4xx_dac.o
 .text.DAC_SetDualChannelData
                0x00000000       0x64 ..\obj\stm32f4xx_dac.o
 .text.DAC_GetDataOutputValue
                0x00000000       0x3c ..\obj\stm32f4xx_dac.o
 .text.DAC_DMACmd
                0x00000000       0x64 ..\obj\stm32f4xx_dac.o
 .text.DAC_ITConfig
                0x00000000       0x60 ..\obj\stm32f4xx_dac.o
 .text.DAC_GetFlagStatus
                0x00000000       0x44 ..\obj\stm32f4xx_dac.o
 .text.DAC_ClearFlag
                0x00000000       0x28 ..\obj\stm32f4xx_dac.o
 .text.DAC_GetITStatus
                0x00000000       0x68 ..\obj\stm32f4xx_dac.o
 .text.DAC_ClearITPendingBit
                0x00000000       0x28 ..\obj\stm32f4xx_dac.o
 .text          0x00000000        0x0 ..\obj\startup_stm32f4xx.o
 .data          0x00000000        0x0 ..\obj\startup_stm32f4xx.o
 .bss           0x00000000        0x0 ..\obj\startup_stm32f4xx.o
 .text          0x00000000        0x0 ..\obj\stm32f4_discovery.o
 .data          0x00000000       0x14 ..\obj\stm32f4_discovery.o
 .bss           0x00000000        0x0 ..\obj\stm32f4_discovery.o
 .rodata        0x00000000       0x30 ..\obj\stm32f4_discovery.o
 .text.STM_EVAL_LEDInit
                0x00000000       0x6c ..\obj\stm32f4_discovery.o
 .text.STM_EVAL_LEDOn
                0x00000000       0x34 ..\obj\stm32f4_discovery.o
 .text.STM_EVAL_LEDOff
                0x00000000       0x34 ..\obj\stm32f4_discovery.o
 .text.STM_EVAL_LEDToggle
                0x00000000       0x44 ..\obj\stm32f4_discovery.o
 .text.STM_EVAL_PBInit
                0x00000000       0xec ..\obj\stm32f4_discovery.o
 .text.STM_EVAL_PBGetState
                0x00000000       0x3c ..\obj\stm32f4_discovery.o
 .debug_info    0x00000000      0x8ad ..\obj\stm32f4_discovery.o
 .debug_abbrev  0x00000000      0x165 ..\obj\stm32f4_discovery.o
 .debug_loc     0x00000000      0x150 ..\obj\stm32f4_discovery.o
 .debug_aranges
                0x00000000       0x48 ..\obj\stm32f4_discovery.o
 .debug_ranges  0x00000000       0x38 ..\obj\stm32f4_discovery.o
 .debug_line    0x00000000      0x2ba ..\obj\stm32f4_discovery.o
 .debug_str     0x00000000      0xa91 ..\obj\stm32f4_discovery.o
 .comment       0x00000000       0x31 ..\obj\stm32f4_discovery.o
 .ARM.attributes
                0x00000000       0x33 ..\obj\stm32f4_discovery.o
 .debug_frame   0x00000000       0xc4 ..\obj\stm32f4_discovery.o
 COMMON         0x00000000        0x4 ..\obj\stm32f4_discovery.o
 .text          0x00000000        0x0 ..\obj\main.o
 .text.UARTSend
                0x00000000       0x60 ..\obj\main.o
 .text.setPB0   0x00000000       0x38 ..\obj\main.o
 .text.setPA15  0x00000000       0x38 ..\obj\main.o
 .text.setPA15On
                0x00000000       0x18 ..\obj\main.o
 .text.togglePA15
                0x00000000       0x24 ..\obj\main.o
 .text.initPB0  0x00000000       0x78 ..\obj\main.o
 .text.TimingDelay_Decrement
                0x00000000       0x30 ..\obj\main.o
 .text          0x00000000        0x0 ..\obj\stm32f4xx_rcc.o
 .bss           0x00000000        0x0 ..\obj\stm32f4xx_rcc.o
 .text.RCC_DeInit
                0x00000000       0x84 ..\obj\stm32f4xx_rcc.o
 .text.RCC_HSEConfig
                0x00000000       0x30 ..\obj\stm32f4xx_rcc.o
 .text.RCC_WaitForHSEStartUp
                0x00000000       0x64 ..\obj\stm32f4xx_rcc.o
 .text.RCC_AdjustHSICalibrationValue
                0x00000000       0x48 ..\obj\stm32f4xx_rcc.o
 .text.RCC_HSICmd
                0x00000000       0x20 ..\obj\stm32f4xx_rcc.o
 .text.RCC_LSEConfig
                0x00000000       0x60 ..\obj\stm32f4xx_rcc.o
 .text.RCC_LSICmd
                0x00000000       0x20 ..\obj\stm32f4xx_rcc.o
 .text.RCC_PLLConfig
                0x00000000       0x48 ..\obj\stm32f4xx_rcc.o
 .text.RCC_PLLCmd
                0x00000000       0x20 ..\obj\stm32f4xx_rcc.o
 .text.RCC_PLLI2SConfig
                0x00000000       0x30 ..\obj\stm32f4xx_rcc.o
 .text.RCC_PLLI2SCmd
                0x00000000       0x20 ..\obj\stm32f4xx_rcc.o
 .text.RCC_ClockSecuritySystemCmd
                0x00000000       0x20 ..\obj\stm32f4xx_rcc.o
 .text.RCC_MCO1Config
                0x00000000       0x48 ..\obj\stm32f4xx_rcc.o
 .text.RCC_MCO2Config
                0x00000000       0x48 ..\obj\stm32f4xx_rcc.o
 .text.RCC_SYSCLKConfig
                0x00000000       0x40 ..\obj\stm32f4xx_rcc.o
 .text.RCC_GetSYSCLKSource
                0x00000000       0x20 ..\obj\stm32f4xx_rcc.o
 .text.RCC_HCLKConfig
                0x00000000       0x40 ..\obj\stm32f4xx_rcc.o
 .text.RCC_PCLK1Config
                0x00000000       0x40 ..\obj\stm32f4xx_rcc.o
 .text.RCC_PCLK2Config
                0x00000000       0x44 ..\obj\stm32f4xx_rcc.o
 .text.RCC_RTCCLKConfig
                0x00000000       0x74 ..\obj\stm32f4xx_rcc.o
 .text.RCC_RTCCLKCmd
                0x00000000       0x20 ..\obj\stm32f4xx_rcc.o
 .text.RCC_BackupResetCmd
                0x00000000       0x20 ..\obj\stm32f4xx_rcc.o
 .text.RCC_I2SCLKConfig
                0x00000000       0x20 ..\obj\stm32f4xx_rcc.o
 .text.RCC_AHB2PeriphClockCmd
                0x00000000       0x54 ..\obj\stm32f4xx_rcc.o
 .text.RCC_AHB3PeriphClockCmd
                0x00000000       0x54 ..\obj\stm32f4xx_rcc.o
 .text.RCC_AHB1PeriphResetCmd
                0x00000000       0x54 ..\obj\stm32f4xx_rcc.o
 .text.RCC_AHB2PeriphResetCmd
                0x00000000       0x54 ..\obj\stm32f4xx_rcc.o
 .text.RCC_AHB3PeriphResetCmd
                0x00000000       0x54 ..\obj\stm32f4xx_rcc.o
 .text.RCC_AHB1PeriphClockLPModeCmd
                0x00000000       0x54 ..\obj\stm32f4xx_rcc.o
 .text.RCC_AHB2PeriphClockLPModeCmd
                0x00000000       0x54 ..\obj\stm32f4xx_rcc.o
 .text.RCC_AHB3PeriphClockLPModeCmd
                0x00000000       0x54 ..\obj\stm32f4xx_rcc.o
 .text.RCC_APB1PeriphClockLPModeCmd
                0x00000000       0x54 ..\obj\stm32f4xx_rcc.o
 .text.RCC_APB2PeriphClockLPModeCmd
                0x00000000       0x54 ..\obj\stm32f4xx_rcc.o
 .text.RCC_ITConfig
                0x00000000       0x60 ..\obj\stm32f4xx_rcc.o
 .text.RCC_GetFlagStatus
                0x00000000       0x90 ..\obj\stm32f4xx_rcc.o
 .text.RCC_ClearFlag
                0x00000000       0x24 ..\obj\stm32f4xx_rcc.o
 .text.RCC_GetITStatus
                0x00000000       0x40 ..\obj\stm32f4xx_rcc.o
 .text.RCC_ClearITPendingBit
                0x00000000       0x20 ..\obj\stm32f4xx_rcc.o
 .text          0x00000000        0x0 ..\obj\printf.o
 .bss           0x00000000        0x0 ..\obj\printf.o
 .text.snprintf
                0x00000000       0x34 ..\obj\printf.o
 .text.fprintf  0x00000000       0x30 ..\obj\printf.o
 .text.sprintf  0x00000000       0x30 ..\obj\printf.o
 .text.puts     0x00000000       0x28 ..\obj\printf.o
 .text          0x00000000        0x0 ..\obj\stm32f4xx_gpio.o
 .data          0x00000000        0x0 ..\obj\stm32f4xx_gpio.o
 .bss           0x00000000        0x0 ..\obj\stm32f4xx_gpio.o
 .text.GPIO_DeInit
                0x00000000      0x178 ..\obj\stm32f4xx_gpio.o
 .text.GPIO_StructInit
                0x00000000       0x3c ..\obj\stm32f4xx_gpio.o
 .text.GPIO_PinLockConfig
                0x00000000       0x44 ..\obj\stm32f4xx_gpio.o
 .text.GPIO_ReadInputDataBit
                0x00000000       0x3c ..\obj\stm32f4xx_gpio.o
 .text.GPIO_ReadInputData
                0x00000000       0x1c ..\obj\stm32f4xx_gpio.o
 .text.GPIO_ReadOutputDataBit
                0x00000000       0x3c ..\obj\stm32f4xx_gpio.o
 .text.GPIO_ReadOutputData
                0x00000000       0x1c ..\obj\stm32f4xx_gpio.o
 .text.GPIO_WriteBit
                0x00000000       0x30 ..\obj\stm32f4xx_gpio.o
 .text.GPIO_Write
                0x00000000       0x1c ..\obj\stm32f4xx_gpio.o
 .text.GPIO_ToggleBits
                0x00000000       0x24 ..\obj\stm32f4xx_gpio.o
 .data          0x00000000        0x0 ..\obj\sh_cmd.o
 .bss           0x00000000        0x0 ..\obj\sh_cmd.o
 .text          0x00000000        0x0 ..\obj\system_stm32f4xx.o
 .bss           0x00000000        0x0 ..\obj\system_stm32f4xx.o
 .text.SystemInit
                0x00000000       0x94 ..\obj\system_stm32f4xx.o
 .text.SystemCoreClockUpdate
                0x00000000      0x170 ..\obj\system_stm32f4xx.o
 .text.SetSysClock
                0x00000000      0x188 ..\obj\system_stm32f4xx.o
 .text          0x00000000        0x0 ..\obj\syscalls.o
 .data          0x00000000        0x0 ..\obj\syscalls.o
 .bss           0x00000000        0x4 ..\obj\syscalls.o
 .text._sbrk    0x00000000       0x5c ..\obj\syscalls.o
 .text.link     0x00000000       0x1c ..\obj\syscalls.o
 .text._close   0x00000000       0x18 ..\obj\syscalls.o
 .text._fstat   0x00000000       0x24 ..\obj\syscalls.o
 .text._isatty  0x00000000       0x18 ..\obj\syscalls.o
 .text._lseek   0x00000000       0x1c ..\obj\syscalls.o
 .text._read    0x00000000       0x1c ..\obj\syscalls.o
 .text._write   0x00000000       0x1c ..\obj\syscalls.o
 .text.abort    0x00000000        0x8 ..\obj\syscalls.o
 .debug_info    0x00000000      0x433 ..\obj\syscalls.o
 .debug_abbrev  0x00000000       0xde ..\obj\syscalls.o
 .debug_loc     0x00000000      0x1ec ..\obj\syscalls.o
 .debug_aranges
                0x00000000       0x60 ..\obj\syscalls.o
 .debug_ranges  0x00000000       0x50 ..\obj\syscalls.o
 .debug_line    0x00000000      0x1af ..\obj\syscalls.o
 .debug_str     0x00000000      0x256 ..\obj\syscalls.o
 .comment       0x00000000       0x31 ..\obj\syscalls.o
 .ARM.attributes
                0x00000000       0x33 ..\obj\syscalls.o
 .debug_frame   0x00000000      0x108 ..\obj\syscalls.o
 .text          0x00000000        0x0 ..\obj\stm32f4xx_dma.o
 .data          0x00000000        0x0 ..\obj\stm32f4xx_dma.o
 .bss           0x00000000        0x0 ..\obj\stm32f4xx_dma.o
 .text.DMA_DeInit
                0x00000000      0x244 ..\obj\stm32f4xx_dma.o
 .text.DMA_StructInit
                0x00000000       0x8c ..\obj\stm32f4xx_dma.o
 .text.DMA_PeriphIncOffsetSizeConfig
                0x00000000       0x34 ..\obj\stm32f4xx_dma.o
 .text.DMA_FlowControllerConfig
                0x00000000       0x34 ..\obj\stm32f4xx_dma.o
 .text.DMA_SetCurrDataCounter
                0x00000000       0x1c ..\obj\stm32f4xx_dma.o
 .text.DMA_GetCurrDataCounter
                0x00000000       0x1c ..\obj\stm32f4xx_dma.o
 .text.DMA_DoubleBufferModeConfig
                0x00000000       0x3c ..\obj\stm32f4xx_dma.o
 .text.DMA_DoubleBufferModeCmd
                0x00000000       0x38 ..\obj\stm32f4xx_dma.o
 .text.DMA_MemoryTargetConfig
                0x00000000       0x2c ..\obj\stm32f4xx_dma.o
 .text.DMA_GetCurrentMemoryTarget
                0x00000000       0x38 ..\obj\stm32f4xx_dma.o
 .text.DMA_GetFIFOStatus
                0x00000000       0x28 ..\obj\stm32f4xx_dma.o
 .text.DMA_ITConfig
                0x00000000       0x74 ..\obj\stm32f4xx_dma.o
 .text.DMA_GetITStatus
                0x00000000       0xc4 ..\obj\stm32f4xx_dma.o
 .text.DMA_ClearITPendingBit
                0x00000000       0x64 ..\obj\stm32f4xx_dma.o
 .text          0x00000000        0x0 ..\obj\stm32f4_discovery_callbacks.o
 .data          0x00000000        0x0 ..\obj\stm32f4_discovery_callbacks.o
 .bss           0x00000000        0x0 ..\obj\stm32f4_discovery_callbacks.o
 .text          0x00000000        0x0 ..\obj\stm32f4xx_spi.o
 .data          0x00000000        0x0 ..\obj\stm32f4xx_spi.o
 .bss           0x00000000        0x0 ..\obj\stm32f4xx_spi.o
 .text.I2S_Init
                0x00000000      0x214 ..\obj\stm32f4xx_spi.o
 .text.SPI_StructInit
                0x00000000       0x5c ..\obj\stm32f4xx_spi.o
 .text.I2S_StructInit
                0x00000000       0x44 ..\obj\stm32f4xx_spi.o
 .text.I2S_Cmd  0x00000000       0x40 ..\obj\stm32f4xx_spi.o
 .text.SPI_DataSizeConfig
                0x00000000       0x38 ..\obj\stm32f4xx_spi.o
 .text.SPI_BiDirectionalLineConfig
                0x00000000       0x40 ..\obj\stm32f4xx_spi.o
 .text.SPI_NSSInternalSoftwareConfig
                0x00000000       0x44 ..\obj\stm32f4xx_spi.o
 .text.SPI_SSOutputCmd
                0x00000000       0x40 ..\obj\stm32f4xx_spi.o
 .text.SPI_TIModeCmd
                0x00000000       0x40 ..\obj\stm32f4xx_spi.o
 .text.I2S_FullDuplexConfig
                0x00000000       0xa4 ..\obj\stm32f4xx_spi.o
 .text.SPI_CalculateCRC
                0x00000000       0x40 ..\obj\stm32f4xx_spi.o
 .text.SPI_TransmitCRC
                0x00000000       0x24 ..\obj\stm32f4xx_spi.o
 .text.SPI_GetCRC
                0x00000000       0x34 ..\obj\stm32f4xx_spi.o
 .text.SPI_GetCRCPolynomial
                0x00000000       0x1c ..\obj\stm32f4xx_spi.o
 .text.SPI_I2S_DMACmd
                0x00000000       0x48 ..\obj\stm32f4xx_spi.o
 .text.SPI_I2S_ITConfig
                0x00000000       0x6c ..\obj\stm32f4xx_spi.o
 .text.SPI_I2S_ClearFlag
                0x00000000       0x24 ..\obj\stm32f4xx_spi.o
 .text.SPI_I2S_GetITStatus
                0x00000000       0x88 ..\obj\stm32f4xx_spi.o
 .text.SPI_I2S_ClearITPendingBit
                0x00000000       0x38 ..\obj\stm32f4xx_spi.o
 .text          0x00000000        0x0 ..\obj\stm32f4xx_i2c.o
 .data          0x00000000        0x0 ..\obj\stm32f4xx_i2c.o
 .bss           0x00000000        0x0 ..\obj\stm32f4xx_i2c.o
 .text.I2C_DeInit
                0x00000000       0x88 ..\obj\stm32f4xx_i2c.o
 .text.I2C_Init
                0x00000000      0x1ac ..\obj\stm32f4xx_i2c.o
 .text.I2C_StructInit
                0x00000000       0x44 ..\obj\stm32f4xx_i2c.o
 .text.I2C_Cmd  0x00000000       0x40 ..\obj\stm32f4xx_i2c.o
 .text.I2C_GenerateSTART
                0x00000000       0x40 ..\obj\stm32f4xx_i2c.o
 .text.I2C_GenerateSTOP
                0x00000000       0x40 ..\obj\stm32f4xx_i2c.o
 .text.I2C_Send7bitAddress
                0x00000000       0x3c ..\obj\stm32f4xx_i2c.o
 .text.I2C_AcknowledgeConfig
                0x00000000       0x40 ..\obj\stm32f4xx_i2c.o
 .text.I2C_OwnAddress2Config
                0x00000000       0x44 ..\obj\stm32f4xx_i2c.o
 .text.I2C_DualAddressCmd
                0x00000000       0x40 ..\obj\stm32f4xx_i2c.o
 .text.I2C_GeneralCallCmd
                0x00000000       0x40 ..\obj\stm32f4xx_i2c.o
 .text.I2C_SoftwareResetCmd
                0x00000000       0x48 ..\obj\stm32f4xx_i2c.o
 .text.I2C_StretchClockCmd
                0x00000000       0x40 ..\obj\stm32f4xx_i2c.o
 .text.I2C_FastModeDutyCycleConfig
                0x00000000       0x40 ..\obj\stm32f4xx_i2c.o
 .text.I2C_NACKPositionConfig
                0x00000000       0x40 ..\obj\stm32f4xx_i2c.o
 .text.I2C_SMBusAlertConfig
                0x00000000       0x40 ..\obj\stm32f4xx_i2c.o
 .text.I2C_ARPCmd
                0x00000000       0x40 ..\obj\stm32f4xx_i2c.o
 .text.I2C_SendData
                0x00000000       0x20 ..\obj\stm32f4xx_i2c.o
 .text.I2C_ReceiveData
                0x00000000       0x1c ..\obj\stm32f4xx_i2c.o
 .text.I2C_TransmitPEC
                0x00000000       0x40 ..\obj\stm32f4xx_i2c.o
 .text.I2C_PECPositionConfig
                0x00000000       0x40 ..\obj\stm32f4xx_i2c.o
 .text.I2C_CalculatePEC
                0x00000000       0x40 ..\obj\stm32f4xx_i2c.o
 .text.I2C_GetPEC
                0x00000000       0x24 ..\obj\stm32f4xx_i2c.o
 .text.I2C_DMACmd
                0x00000000       0x40 ..\obj\stm32f4xx_i2c.o
 .text.I2C_DMALastTransferCmd
                0x00000000       0x40 ..\obj\stm32f4xx_i2c.o
 .text.I2C_ReadRegister
                0x00000000       0x30 ..\obj\stm32f4xx_i2c.o
 .text.I2C_ITConfig
                0x00000000       0x48 ..\obj\stm32f4xx_i2c.o
 .text.I2C_CheckEvent
                0x00000000       0x70 ..\obj\stm32f4xx_i2c.o
 .text.I2C_GetLastEvent
                0x00000000       0x4c ..\obj\stm32f4xx_i2c.o
 .text.I2C_GetFlagStatus
                0x00000000       0x78 ..\obj\stm32f4xx_i2c.o
 .text.I2C_ClearFlag
                0x00000000       0x30 ..\obj\stm32f4xx_i2c.o
 .text.I2C_GetITStatus
                0x00000000       0x64 ..\obj\stm32f4xx_i2c.o
 .text.I2C_ClearITPendingBit
                0x00000000       0x30 ..\obj\stm32f4xx_i2c.o
 .debug_info    0x00000000      0xb83 ..\obj\stm32f4xx_i2c.o
 .debug_abbrev  0x00000000      0x15d ..\obj\stm32f4xx_i2c.o
 .debug_loc     0x00000000      0x738 ..\obj\stm32f4xx_i2c.o
 .debug_aranges
                0x00000000      0x120 ..\obj\stm32f4xx_i2c.o
 .debug_ranges  0x00000000      0x110 ..\obj\stm32f4xx_i2c.o
 .debug_line    0x00000000      0x4b3 ..\obj\stm32f4xx_i2c.o
 .debug_str     0x00000000      0x5bf ..\obj\stm32f4xx_i2c.o
 .comment       0x00000000       0x31 ..\obj\stm32f4xx_i2c.o
 .ARM.attributes
                0x00000000       0x33 ..\obj\stm32f4xx_i2c.o
 .debug_frame   0x00000000      0x3b4 ..\obj\stm32f4xx_i2c.o
 .text          0x00000000        0x0 ..\obj\stm32f4xx_exti.o
 .data          0x00000000        0x0 ..\obj\stm32f4xx_exti.o
 .bss           0x00000000        0x0 ..\obj\stm32f4xx_exti.o
 .text.EXTI_DeInit
                0x00000000       0x54 ..\obj\stm32f4xx_exti.o
 .text.EXTI_Init
                0x00000000      0x138 ..\obj\stm32f4xx_exti.o
 .text.EXTI_StructInit
                0x00000000       0x34 ..\obj\stm32f4xx_exti.o
 .text.EXTI_GenerateSWInterrupt
                0x00000000       0x2c ..\obj\stm32f4xx_exti.o
 .text.EXTI_GetFlagStatus
                0x00000000       0x3c ..\obj\stm32f4xx_exti.o
 .text.EXTI_ClearFlag
                0x00000000       0x20 ..\obj\stm32f4xx_exti.o
 .text.EXTI_GetITStatus
                0x00000000       0x58 ..\obj\stm32f4xx_exti.o
 .text.EXTI_ClearITPendingBit
                0x00000000       0x20 ..\obj\stm32f4xx_exti.o
 .debug_info    0x00000000      0x364 ..\obj\stm32f4xx_exti.o
 .debug_abbrev  0x00000000      0x198 ..\obj\stm32f4xx_exti.o
 .debug_loc     0x00000000      0x1b4 ..\obj\stm32f4xx_exti.o
 .debug_aranges
                0x00000000       0x58 ..\obj\stm32f4xx_exti.o
 .debug_ranges  0x00000000       0x48 ..\obj\stm32f4xx_exti.o
 .debug_line    0x00000000      0x27c ..\obj\stm32f4xx_exti.o
 .debug_str     0x00000000      0x2c8 ..\obj\stm32f4xx_exti.o
 .comment       0x00000000       0x31 ..\obj\stm32f4xx_exti.o
 .ARM.attributes
                0x00000000       0x33 ..\obj\stm32f4xx_exti.o
 .debug_frame   0x00000000       0xec ..\obj\stm32f4xx_exti.o
 .text          0x00000000        0x0 ..\obj\misc.o
 .data          0x00000000        0x0 ..\obj\misc.o
 .bss           0x00000000        0x0 ..\obj\misc.o
 .text.NVIC_PriorityGroupConfig
                0x00000000       0x28 ..\obj\misc.o
 .text.NVIC_SetVectorTable
                0x00000000       0x2c ..\obj\misc.o
 .text.NVIC_SystemLPConfig
                0x00000000       0x54 ..\obj\misc.o
 .text.SysTick_CLKSourceConfig
                0x00000000       0x4c ..\obj\misc.o
 .text          0x00000000        0x0 ..\obj\stm32f4_discovery_lis302dl.o
 .bss           0x00000000        0x0 ..\obj\stm32f4_discovery_lis302dl.o
 .text.LIS302DL_InterruptConfig
                0x00000000       0x50 ..\obj\stm32f4_discovery_lis302dl.o
 .text.LIS302DL_LowpowerCmd
                0x00000000       0x4c ..\obj\stm32f4_discovery_lis302dl.o
 .text.LIS302DL_DataRateCmd
                0x00000000       0x4c ..\obj\stm32f4_discovery_lis302dl.o
 .text.LIS302DL_FullScaleCmd
                0x00000000       0x4c ..\obj\stm32f4_discovery_lis302dl.o
 .text.LIS302DL_RebootCmd
                0x00000000       0x3c ..\obj\stm32f4_discovery_lis302dl.o
 .text.LIS302DL_ReadACC
                0x00000000       0xd8 ..\obj\stm32f4_discovery_lis302dl.o
 .text          0x00000000        0x0 ..\obj\stm32f4xx_tim.o
 .data          0x00000000        0x0 ..\obj\stm32f4xx_tim.o
 .bss           0x00000000        0x0 ..\obj\stm32f4xx_tim.o
 .text.TIM_DeInit
                0x00000000      0x238 ..\obj\stm32f4xx_tim.o
 .text.TIM_TimeBaseStructInit
                0x00000000       0x3c ..\obj\stm32f4xx_tim.o
 .text.TIM_PrescalerConfig
                0x00000000       0x28 ..\obj\stm32f4xx_tim.o
 .text.TIM_CounterModeConfig
                0x00000000       0x38 ..\obj\stm32f4xx_tim.o
 .text.TIM_SetCounter
                0x00000000       0x1c ..\obj\stm32f4xx_tim.o
 .text.TIM_SetAutoreload
                0x00000000       0x1c ..\obj\stm32f4xx_tim.o
 .text.TIM_GetCounter
                0x00000000       0x18 ..\obj\stm32f4xx_tim.o
 .text.TIM_GetPrescaler
                0x00000000       0x1c ..\obj\stm32f4xx_tim.o
 .text.TIM_UpdateDisableConfig
                0x00000000       0x40 ..\obj\stm32f4xx_tim.o
 .text.TIM_UpdateRequestConfig
                0x00000000       0x40 ..\obj\stm32f4xx_tim.o
 .text.TIM_SelectOnePulseMode
                0x00000000       0x38 ..\obj\stm32f4xx_tim.o
 .text.TIM_SetClockDivision
                0x00000000       0x38 ..\obj\stm32f4xx_tim.o
 .text.TIM_OCStructInit
                0x00000000       0x54 ..\obj\stm32f4xx_tim.o
 .text.TIM_SelectOCxM
                0x00000000       0xc0 ..\obj\stm32f4xx_tim.o
 .text.TIM_SetCompare1
                0x00000000       0x1c ..\obj\stm32f4xx_tim.o
 .text.TIM_SetCompare2
                0x00000000       0x1c ..\obj\stm32f4xx_tim.o
 .text.TIM_SetCompare3
                0x00000000       0x1c ..\obj\stm32f4xx_tim.o
 .text.TIM_SetCompare4
                0x00000000       0x1c ..\obj\stm32f4xx_tim.o
 .text.TIM_ForcedOC1Config
                0x00000000       0x38 ..\obj\stm32f4xx_tim.o
 .text.TIM_ForcedOC2Config
                0x00000000       0x40 ..\obj\stm32f4xx_tim.o
 .text.TIM_ForcedOC3Config
                0x00000000       0x38 ..\obj\stm32f4xx_tim.o
 .text.TIM_ForcedOC4Config
                0x00000000       0x40 ..\obj\stm32f4xx_tim.o
 .text.TIM_OC1FastConfig
                0x00000000       0x38 ..\obj\stm32f4xx_tim.o
 .text.TIM_OC2FastConfig
                0x00000000       0x40 ..\obj\stm32f4xx_tim.o
 .text.TIM_OC3FastConfig
                0x00000000       0x38 ..\obj\stm32f4xx_tim.o
 .text.TIM_OC4FastConfig
                0x00000000       0x40 ..\obj\stm32f4xx_tim.o
 .text.TIM_ClearOC1Ref
                0x00000000       0x38 ..\obj\stm32f4xx_tim.o
 .text.TIM_ClearOC2Ref
                0x00000000       0x44 ..\obj\stm32f4xx_tim.o
 .text.TIM_ClearOC3Ref
                0x00000000       0x38 ..\obj\stm32f4xx_tim.o
 .text.TIM_ClearOC4Ref
                0x00000000       0x44 ..\obj\stm32f4xx_tim.o
 .text.TIM_OC1PolarityConfig
                0x00000000       0x38 ..\obj\stm32f4xx_tim.o
 .text.TIM_OC1NPolarityConfig
                0x00000000       0x38 ..\obj\stm32f4xx_tim.o
 .text.TIM_OC2PolarityConfig
                0x00000000       0x40 ..\obj\stm32f4xx_tim.o
 .text.TIM_OC2NPolarityConfig
                0x00000000       0x40 ..\obj\stm32f4xx_tim.o
 .text.TIM_OC3PolarityConfig
                0x00000000       0x40 ..\obj\stm32f4xx_tim.o
 .text.TIM_OC3NPolarityConfig
                0x00000000       0x40 ..\obj\stm32f4xx_tim.o
 .text.TIM_OC4PolarityConfig
                0x00000000       0x40 ..\obj\stm32f4xx_tim.o
 .text.TIM_CCxCmd
                0x00000000       0x5c ..\obj\stm32f4xx_tim.o
 .text.TIM_CCxNCmd
                0x00000000       0x5c ..\obj\stm32f4xx_tim.o
 .text.TIM_ICInit
                0x00000000       0xa8 ..\obj\stm32f4xx_tim.o
 .text.TIM_ICStructInit
                0x00000000       0x3c ..\obj\stm32f4xx_tim.o
 .text.TIM_PWMIConfig
                0x00000000       0xc4 ..\obj\stm32f4xx_tim.o
 .text.TIM_GetCapture1
                0x00000000       0x18 ..\obj\stm32f4xx_tim.o
 .text.TIM_GetCapture2
                0x00000000       0x18 ..\obj\stm32f4xx_tim.o
 .text.TIM_GetCapture3
                0x00000000       0x18 ..\obj\stm32f4xx_tim.o
 .text.TIM_GetCapture4
                0x00000000       0x18 ..\obj\stm32f4xx_tim.o
 .text.TIM_SetIC1Prescaler
                0x00000000       0x38 ..\obj\stm32f4xx_tim.o
 .text.TIM_SetIC2Prescaler
                0x00000000       0x3c ..\obj\stm32f4xx_tim.o
 .text.TIM_SetIC3Prescaler
                0x00000000       0x38 ..\obj\stm32f4xx_tim.o
 .text.TIM_SetIC4Prescaler
                0x00000000       0x3c ..\obj\stm32f4xx_tim.o
 .text.TIM_BDTRStructInit
                0x00000000       0x4c ..\obj\stm32f4xx_tim.o
 .text.TIM_SelectCOM
                0x00000000       0x40 ..\obj\stm32f4xx_tim.o
 .text.TIM_CCPreloadControl
                0x00000000       0x40 ..\obj\stm32f4xx_tim.o
 .text.TIM_ITConfig
                0x00000000       0x48 ..\obj\stm32f4xx_tim.o
 .text.TIM_GenerateEvent
                0x00000000       0x1c ..\obj\stm32f4xx_tim.o
 .text.TIM_GetFlagStatus
                0x00000000       0x40 ..\obj\stm32f4xx_tim.o
 .text.TIM_ClearFlag
                0x00000000       0x24 ..\obj\stm32f4xx_tim.o
 .text.TIM_GetITStatus
                0x00000000       0x60 ..\obj\stm32f4xx_tim.o
 .text.TIM_ClearITPendingBit
                0x00000000       0x24 ..\obj\stm32f4xx_tim.o
 .text.TIM_DMAConfig
                0x00000000       0x28 ..\obj\stm32f4xx_tim.o
 .text.TIM_DMACmd
                0x00000000       0x48 ..\obj\stm32f4xx_tim.o
 .text.TIM_SelectCCDMA
                0x00000000       0x40 ..\obj\stm32f4xx_tim.o
 .text.TIM_InternalClockConfig
                0x00000000       0x24 ..\obj\stm32f4xx_tim.o
 .text.TIM_ITRxExternalClockConfig
                0x00000000       0x30 ..\obj\stm32f4xx_tim.o
 .text.TIM_TIxExternalClockConfig
                0x00000000       0x58 ..\obj\stm32f4xx_tim.o
 .text.TIM_ETRClockMode1Config
                0x00000000       0x54 ..\obj\stm32f4xx_tim.o
 .text.TIM_ETRClockMode2Config
                0x00000000       0x34 ..\obj\stm32f4xx_tim.o
 .text.TIM_SelectInputTrigger
                0x00000000       0x38 ..\obj\stm32f4xx_tim.o
 .text.TIM_SelectOutputTrigger
                0x00000000       0x38 ..\obj\stm32f4xx_tim.o
 .text.TIM_SelectSlaveMode
                0x00000000       0x38 ..\obj\stm32f4xx_tim.o
 .text.TIM_SelectMasterSlaveMode
                0x00000000       0x38 ..\obj\stm32f4xx_tim.o
 .text.TIM_ETRConfig
                0x00000000       0x4c ..\obj\stm32f4xx_tim.o
 .text.TIM_EncoderInterfaceConfig
                0x00000000       0x94 ..\obj\stm32f4xx_tim.o
 .text.TIM_SelectHallSensor
                0x00000000       0x40 ..\obj\stm32f4xx_tim.o
 .text.TIM_RemapConfig
                0x00000000       0x20 ..\obj\stm32f4xx_tim.o
 .text.TI1_Config
                0x00000000       0x80 ..\obj\stm32f4xx_tim.o
 .text.TI2_Config
                0x00000000       0x9c ..\obj\stm32f4xx_tim.o
 .text.TI3_Config
                0x00000000       0x8c ..\obj\stm32f4xx_tim.o
 .text.TI4_Config
                0x00000000       0xa4 ..\obj\stm32f4xx_tim.o
 .data          0x00000000        0x0 c:/program files (x86)/codesourcery/sourcery_codebench_lite_for_arm_eabi/bin/../lib/gcc/arm-none-eabi/4.6.3/thumb2\libgcc.a(_arm_addsubsf3.o)
 .bss           0x00000000        0x0 c:/program files (x86)/codesourcery/sourcery_codebench_lite_for_arm_eabi/bin/../lib/gcc/arm-none-eabi/4.6.3/thumb2\libgcc.a(_arm_addsubsf3.o)
 .data          0x00000000        0x0 c:/program files (x86)/codesourcery/sourcery_codebench_lite_for_arm_eabi/bin/../lib/gcc/arm-none-eabi/4.6.3/thumb2\libgcc.a(_arm_muldivsf3.o)
 .bss           0x00000000        0x0 c:/program files (x86)/codesourcery/sourcery_codebench_lite_for_arm_eabi/bin/../lib/gcc/arm-none-eabi/4.6.3/thumb2\libgcc.a(_arm_muldivsf3.o)
 .data          0x00000000        0x0 c:/program files (x86)/codesourcery/sourcery_codebench_lite_for_arm_eabi/bin/../lib/gcc/arm-none-eabi/4.6.3/thumb2\libgcc.a(_arm_fixsfsi.o)
 .bss           0x00000000        0x0 c:/program files (x86)/codesourcery/sourcery_codebench_lite_for_arm_eabi/bin/../lib/gcc/arm-none-eabi/4.6.3/thumb2\libgcc.a(_arm_fixsfsi.o)

Memory Configuration

Name             Origin             Length             Attributes
rom              0x08000000         0x00100000         xr
ram              0x20000000         0x00020000         xrw
ram1             0x10000000         0x00010000         xrw
*default*        0x00000000         0xffffffff

Linker script and memory map

                0x20020000                _eram = 0x20020000

.text           0x08000000     0x3d40
 *(.isr_vector .isr_vector.*)
 .isr_vector    0x08000000      0x188 ..\obj\startup_stm32f4xx.o
                0x08000000                g_pfnVectors
 *(.text .text.* .gnu.linkonce.t.*)
 .text.SH_SendChar
                0x08000188       0x9c ..\obj\semihosting.o
                0x08000188                SH_SendChar
 .text.Audio_MAL_IRQHandler
                0x08000224      0x180 ..\obj\stm32f4_discovery_audio_codec.o
 .text.DMA1_Stream7_IRQHandler
                0x080003a4        0xc ..\obj\stm32f4_discovery_audio_codec.o
                0x080003a4                DMA1_Stream7_IRQHandler
 .text.DMA1_Stream0_IRQHandler
                0x080003b0        0xc ..\obj\stm32f4_discovery_audio_codec.o
                0x080003b0                DMA1_Stream0_IRQHandler
 .text.SPI3_IRQHandler
                0x080003bc       0x50 ..\obj\stm32f4_discovery_audio_codec.o
                0x080003bc                SPI3_IRQHandler
 .text.USART_Init
                0x0800040c      0x1ac ..\obj\stm32f4xx_usart.o
                0x0800040c                USART_Init
 .text.USART_Cmd
                0x080005b8       0x40 ..\obj\stm32f4xx_usart.o
                0x080005b8                USART_Cmd
 .text.USART_ITConfig
                0x080005f8       0xa4 ..\obj\stm32f4xx_usart.o
                0x080005f8                USART_ITConfig
 .text.USART_GetITStatus
                0x0800069c       0xc4 ..\obj\stm32f4xx_usart.o
                0x0800069c                USART_GetITStatus
 .text.DAC_SetChannel1Data
                0x08000760       0x38 ..\obj\stm32f4xx_dac.o
                0x08000760                DAC_SetChannel1Data
 .text.Default_Reset_Handler
                0x08000798       0x6c ..\obj\startup_stm32f4xx.o
                0x08000798                Default_Reset_Handler
                0x08000798                Reset_Handler
 .text.Default_Handler
                0x08000804        0x8 ..\obj\startup_stm32f4xx.o
                0x08000804                RTC_Alarm_IRQHandler
                0x08000804                HASH_RNG_IRQHandler
                0x08000804                EXTI2_IRQHandler
                0x08000804                TIM8_CC_IRQHandler
                0x08000804                DebugMon_Handler
                0x08000804                TIM1_CC_IRQHandler
                0x08000804                DMA2_Stream5_IRQHandler
                0x08000804                DMA1_Stream5_IRQHandler
                0x08000804                SysTick_Handler
                0x08000804                PVD_IRQHandler
                0x08000804                SDIO_IRQHandler
                0x08000804                TAMP_STAMP_IRQHandler
                0x08000804                PendSV_Handler
                0x08000804                NMI_Handler
                0x08000804                CAN2_RX1_IRQHandler
                0x08000804                EXTI3_IRQHandler
                0x08000804                TIM8_TRG_COM_TIM14_IRQHandler
                0x08000804                TIM1_UP_TIM10_IRQHandler
                0x08000804                TIM8_UP_TIM13_IRQHandler
                0x08000804                I2C3_ER_IRQHandler
                0x08000804                EXTI0_IRQHandler
                0x08000804                I2C2_EV_IRQHandler
                0x08000804                DMA1_Stream2_IRQHandler
                0x08000804                CAN1_RX0_IRQHandler
                0x08000804                FPU_IRQHandler
                0x08000804                OTG_HS_WKUP_IRQHandler
                0x08000804                UsageFault_Handler
                0x08000804                CAN2_SCE_IRQHandler
                0x08000804                DMA2_Stream2_IRQHandler
                0x08000804                SPI1_IRQHandler
                0x08000804                TIM6_DAC_IRQHandler
                0x08000804                TIM1_BRK_TIM9_IRQHandler
                0x08000804                DCMI_IRQHandler
                0x08000804                CAN2_RX0_IRQHandler
                0x08000804                DMA2_Stream3_IRQHandler
                0x08000804                USART6_IRQHandler
                0x08000804                USART3_IRQHandler
                0x08000804                CRYP_IRQHandler
                0x08000804                CAN1_RX1_IRQHandler
                0x08000804                UART5_IRQHandler
                0x08000804                DMA2_Stream0_IRQHandler
                0x08000804                TIM4_IRQHandler
                0x08000804                I2C1_EV_IRQHandler
                0x08000804                DMA1_Stream6_IRQHandler
                0x08000804                DMA1_Stream1_IRQHandler
                0x08000804                UART4_IRQHandler
                0x08000804                TIM3_IRQHandler
                0x08000804                RCC_IRQHandler
                0x08000804                TIM8_BRK_TIM12_IRQHandler
                0x08000804                EXTI15_10_IRQHandler
                0x08000804                ADC_IRQHandler
                0x08000804                TIM7_IRQHandler
                0x08000804                CAN2_TX_IRQHandler
                0x08000804                TIM5_IRQHandler
                0x08000804                DMA2_Stream7_IRQHandler
                0x08000804                I2C3_EV_IRQHandler
                0x08000804                EXTI9_5_IRQHandler
                0x08000804                RTC_WKUP_IRQHandler
                0x08000804                ETH_WKUP_IRQHandler
                0x08000804                SPI2_IRQHandler
                0x08000804                OTG_HS_EP1_IN_IRQHandler
                0x08000804                MemManage_Handler
                0x08000804                CAN1_TX_IRQHandler
                0x08000804                SVC_Handler
                0x08000804                EXTI4_IRQHandler
                0x08000804                FSMC_IRQHandler
                0x08000804                ETH_IRQHandler
                0x08000804                OTG_HS_EP1_OUT_IRQHandler
                0x08000804                WWDG_IRQHandler
                0x08000804                TIM2_IRQHandler
                0x08000804                OTG_FS_WKUP_IRQHandler
                0x08000804                TIM1_TRG_COM_TIM11_IRQHandler
                0x08000804                OTG_HS_IRQHandler
                0x08000804                EXTI1_IRQHandler
                0x08000804                USART2_IRQHandler
                0x08000804                I2C2_ER_IRQHandler
                0x08000804                DMA2_Stream1_IRQHandler
                0x08000804                CAN1_SCE_IRQHandler
                0x08000804                FLASH_IRQHandler
                0x08000804                DMA2_Stream4_IRQHandler
                0x08000804                BusFault_Handler
                0x08000804                OTG_FS_IRQHandler
                0x08000804                DMA1_Stream4_IRQHandler
                0x08000804                I2C1_ER_IRQHandler
                0x08000804                DMA2_Stream6_IRQHandler
                0x08000804                DMA1_Stream3_IRQHandler
 .text.main     0x0800080c      0x2bc ..\obj\main.o
                0x0800080c                main
 .text.getSpeed
                0x08000ac8       0x90 ..\obj\main.o
                0x08000ac8                getSpeed
 .text.init_BT_serial
                0x08000b58       0x14 ..\obj\main.o
                0x08000b58                init_BT_serial
 .text.LIS302DL_TIMEOUT_UserCallback
                0x08000b6c        0x8 ..\obj\main.o
                0x08000b6c                LIS302DL_TIMEOUT_UserCallback
 .text.init_LIS302DL
                0x08000b74       0x98 ..\obj\main.o
                0x08000b74                init_LIS302DL
 .text.init_USART1
                0x08000c0c      0x104 ..\obj\main.o
                0x08000c0c                init_USART1
 .text.USART1_IRQHandler
                0x08000d10      0x6bc ..\obj\main.o
                0x08000d10                USART1_IRQHandler
 .text.initPA15
                0x080013cc       0x48 ..\obj\main.o
                0x080013cc                initPA15
 .text.TIM3_Config
                0x08001414       0xbc ..\obj\main.o
                0x08001414                TIM3_Config
 .text.PWM_SetDC
                0x080014d0       0x98 ..\obj\main.o
                0x080014d0                PWM_SetDC
 .text.Delay    0x08001568       0x2c ..\obj\main.o
                0x08001568                Delay
 .text.TIM1_Config
                0x08001594       0xa4 ..\obj\main.o
                0x08001594                TIM1_Config
 .text.PWM1_Config
                0x08001638      0x228 ..\obj\main.o
                0x08001638                PWM1_Config
 .text.PWM3_Config
                0x08001860      0x1bc ..\obj\main.o
                0x08001860                PWM3_Config
 .text.init_LED
                0x08001a1c       0x48 ..\obj\main.o
                0x08001a1c                init_LED
 .text.RCC_GetClocksFreq
                0x08001a64      0x1cc ..\obj\stm32f4xx_rcc.o
                0x08001a64                RCC_GetClocksFreq
 .text.RCC_AHB1PeriphClockCmd
                0x08001c30       0x54 ..\obj\stm32f4xx_rcc.o
                0x08001c30                RCC_AHB1PeriphClockCmd
 .text.RCC_APB1PeriphClockCmd
                0x08001c84       0x54 ..\obj\stm32f4xx_rcc.o
                0x08001c84                RCC_APB1PeriphClockCmd
 .text.RCC_APB2PeriphClockCmd
                0x08001cd8       0x54 ..\obj\stm32f4xx_rcc.o
                0x08001cd8                RCC_APB2PeriphClockCmd
 .text.RCC_APB1PeriphResetCmd
                0x08001d2c       0x54 ..\obj\stm32f4xx_rcc.o
                0x08001d2c                RCC_APB1PeriphResetCmd
 .text.RCC_APB2PeriphResetCmd
                0x08001d80       0x54 ..\obj\stm32f4xx_rcc.o
                0x08001d80                RCC_APB2PeriphResetCmd
 .text.PrintChar
                0x08001dd4       0x1c ..\obj\printf.o
                0x08001dd4                PrintChar
 .text.PutChar  0x08001df0       0x24 ..\obj\printf.o
                0x08001df0                PutChar
 .text.PutString
                0x08001e14       0x48 ..\obj\printf.o
                0x08001e14                PutString
 .text.PutUnsignedInt
                0x08001e5c       0xbc ..\obj\printf.o
                0x08001e5c                PutUnsignedInt
 .text.PutSignedInt
                0x08001f18      0x12c ..\obj\printf.o
                0x08001f18                PutSignedInt
 .text.PutHexa  0x08002044       0xe8 ..\obj\printf.o
                0x08002044                PutHexa
 .text.vsnprintf
                0x0800212c      0x2a4 ..\obj\printf.o
                0x0800212c                vsnprintf
 .text.vsprintf
                0x080023d0       0x28 ..\obj\printf.o
                0x080023d0                vsprintf
 .text.vfprintf
                0x080023f8       0x6c ..\obj\printf.o
                0x080023f8                vfprintf
 .text.vprintf  0x08002464       0x2c ..\obj\printf.o
                0x08002464                vprintf
 .text.printf   0x08002490       0x2c ..\obj\printf.o
                0x08002490                printf
 .text.fputc    0x080024bc       0x4c ..\obj\printf.o
                0x080024bc                fputc
 .text.fputs    0x08002508       0x50 ..\obj\printf.o
                0x08002508                fputs
 .text.GPIO_Init
                0x08002558      0x144 ..\obj\stm32f4xx_gpio.o
                0x08002558                GPIO_Init
 .text.GPIO_SetBits
                0x0800269c       0x1c ..\obj\stm32f4xx_gpio.o
                0x0800269c                GPIO_SetBits
 .text.GPIO_ResetBits
                0x080026b8       0x1c ..\obj\stm32f4xx_gpio.o
                0x080026b8                GPIO_ResetBits
 .text.GPIO_PinAFConfig
                0x080026d4       0xa8 ..\obj\stm32f4xx_gpio.o
                0x080026d4                GPIO_PinAFConfig
 .text          0x0800277c       0x30 ..\obj\sh_cmd.o
                0x0800277c                SH_DoCommand
                0x08002792                HardFault_Handler
 .text.DMA_Init
                0x080027ac       0xb0 ..\obj\stm32f4xx_dma.o
                0x080027ac                DMA_Init
 .text.DMA_Cmd  0x0800285c       0x38 ..\obj\stm32f4xx_dma.o
                0x0800285c                DMA_Cmd
 .text.DMA_GetCmdStatus
                0x08002894       0x38 ..\obj\stm32f4xx_dma.o
                0x08002894                DMA_GetCmdStatus
 .text.DMA_GetFlagStatus
                0x080028cc       0x88 ..\obj\stm32f4xx_dma.o
                0x080028cc                DMA_GetFlagStatus
 .text.DMA_ClearFlag
                0x08002954       0x64 ..\obj\stm32f4xx_dma.o
                0x08002954                DMA_ClearFlag
 .text.EVAL_AUDIO_TransferComplete_CallBack
                0x080029b8       0x14 ..\obj\stm32f4_discovery_callbacks.o
                0x080029b8                EVAL_AUDIO_TransferComplete_CallBack
 .text.EVAL_AUDIO_GetSampleCallBack
                0x080029cc       0x10 ..\obj\stm32f4_discovery_callbacks.o
                0x080029cc                EVAL_AUDIO_GetSampleCallBack
 .text.SPI_I2S_DeInit
                0x080029dc       0x88 ..\obj\stm32f4xx_spi.o
                0x080029dc                SPI_I2S_DeInit
 .text.SPI_Init
                0x08002a64       0x88 ..\obj\stm32f4xx_spi.o
                0x08002a64                SPI_Init
 .text.SPI_Cmd  0x08002aec       0x40 ..\obj\stm32f4xx_spi.o
                0x08002aec                SPI_Cmd
 .text.SPI_I2S_ReceiveData
                0x08002b2c       0x1c ..\obj\stm32f4xx_spi.o
                0x08002b2c                SPI_I2S_ReceiveData
 .text.SPI_I2S_SendData
                0x08002b48       0x1c ..\obj\stm32f4xx_spi.o
                0x08002b48                SPI_I2S_SendData
 .text.SPI_I2S_GetFlagStatus
                0x08002b64       0x40 ..\obj\stm32f4xx_spi.o
                0x08002b64                SPI_I2S_GetFlagStatus
 .text.NVIC_Init
                0x08002ba4       0xe4 ..\obj\misc.o
                0x08002ba4                NVIC_Init
 .text.LIS302DL_Init
                0x08002c88       0x54 ..\obj\stm32f4_discovery_lis302dl.o
                0x08002c88                LIS302DL_Init
 .text.LIS302DL_FilterConfig
                0x08002cdc       0x60 ..\obj\stm32f4_discovery_lis302dl.o
                0x08002cdc                LIS302DL_FilterConfig
 .text.LIS302DL_Write
                0x08002d3c       0x70 ..\obj\stm32f4_discovery_lis302dl.o
                0x08002d3c                LIS302DL_Write
 .text.LIS302DL_Read
                0x08002dac       0x80 ..\obj\stm32f4_discovery_lis302dl.o
                0x08002dac                LIS302DL_Read
 .text.LIS302DL_LowLevel_Init
                0x08002e2c      0x1cc ..\obj\stm32f4_discovery_lis302dl.o
 .text.LIS302DL_SendByte
                0x08002ff8       0xe4 ..\obj\stm32f4_discovery_lis302dl.o
 .text.TIM_TimeBaseInit
                0x080030dc       0xf4 ..\obj\stm32f4xx_tim.o
                0x080030dc                TIM_TimeBaseInit
 .text.TIM_ARRPreloadConfig
                0x080031d0       0x40 ..\obj\stm32f4xx_tim.o
                0x080031d0                TIM_ARRPreloadConfig
 .text.TIM_Cmd  0x08003210       0x40 ..\obj\stm32f4xx_tim.o
                0x08003210                TIM_Cmd
 .text.TIM_OC1Init
                0x08003250       0xfc ..\obj\stm32f4xx_tim.o
                0x08003250                TIM_OC1Init
 .text.TIM_OC2Init
                0x0800334c      0x128 ..\obj\stm32f4xx_tim.o
                0x0800334c                TIM_OC2Init
 .text.TIM_OC3Init
                0x08003474      0x120 ..\obj\stm32f4xx_tim.o
                0x08003474                TIM_OC3Init
 .text.TIM_OC4Init
                0x08003594       0xe0 ..\obj\stm32f4xx_tim.o
                0x08003594                TIM_OC4Init
 .text.TIM_OC1PreloadConfig
                0x08003674       0x38 ..\obj\stm32f4xx_tim.o
                0x08003674                TIM_OC1PreloadConfig
 .text.TIM_OC2PreloadConfig
                0x080036ac       0x40 ..\obj\stm32f4xx_tim.o
                0x080036ac                TIM_OC2PreloadConfig
 .text.TIM_OC3PreloadConfig
                0x080036ec       0x38 ..\obj\stm32f4xx_tim.o
                0x080036ec                TIM_OC3PreloadConfig
 .text.TIM_OC4PreloadConfig
                0x08003724       0x40 ..\obj\stm32f4xx_tim.o
                0x08003724                TIM_OC4PreloadConfig
 .text.TIM_BDTRConfig
                0x08003764       0x50 ..\obj\stm32f4xx_tim.o
                0x08003764                TIM_BDTRConfig
 .text.TIM_CtrlPWMOutputs
                0x080037b4       0x50 ..\obj\stm32f4xx_tim.o
                0x080037b4                TIM_CtrlPWMOutputs
 .text          0x08003804      0x21c c:/program files (x86)/codesourcery/sourcery_codebench_lite_for_arm_eabi/bin/../lib/gcc/arm-none-eabi/4.6.3/thumb2\libgcc.a(_arm_addsubsf3.o)
                0x08003804                __aeabi_frsub
                0x0800380c                __subsf3
                0x0800380c                __aeabi_fsub
                0x08003810                __aeabi_fadd
                0x08003810                __addsf3
                0x08003970                __aeabi_ui2f
                0x08003970                __floatunsisf
                0x08003978                __aeabi_i2f
                0x08003978                __floatsisf
                0x08003994                __aeabi_ul2f
                0x08003994                __floatundisf
                0x080039a4                __aeabi_l2f
                0x080039a4                __floatdisf
 .text          0x08003a20      0x2a0 c:/program files (x86)/codesourcery/sourcery_codebench_lite_for_arm_eabi/bin/../lib/gcc/arm-none-eabi/4.6.3/thumb2\libgcc.a(_arm_muldivsf3.o)
                0x08003a20                __mulsf3
                0x08003a20                __aeabi_fmul
                0x08003b88                __aeabi_fdiv
                0x08003b88                __divsf3
 .text          0x08003cc0       0x4c c:/program files (x86)/codesourcery/sourcery_codebench_lite_for_arm_eabi/bin/../lib/gcc/arm-none-eabi/4.6.3/thumb2\libgcc.a(_arm_fixsfsi.o)
                0x08003cc0                __aeabi_f2iz
                0x08003cc0                __fixsfsi
 *(.glue_7t)
 .glue_7t       0x00000000        0x0 linker stubs
 *(.glue_7)
 .glue_7        0x00000000        0x0 linker stubs
 *(.rodata .rodata* .gnu.linkonce.r.*)
 .rodata        0x08003d0c       0x10 ..\obj\main.o
 .rodata        0x08003d1c       0x24 ..\obj\printf.o

.vfp11_veneer   0x08003d40        0x0
 .vfp11_veneer  0x00000000        0x0 linker stubs

.v4_bx          0x08003d40        0x0
 .v4_bx         0x00000000        0x0 linker stubs

.iplt           0x08003d40        0x0
 .iplt          0x00000000        0x0 ..\obj\semihosting.o

.rel.dyn        0x08003d40        0x0
 .rel.iplt      0x00000000        0x0 ..\obj\semihosting.o

.ARM.extab
 *(.ARM.extab* .gnu.linkonce.armextab.*)

.ARM.exidx
 *(.ARM.exidx* .gnu.linkonce.armexidx.*)
                0x08003d40                . = ALIGN (0x4)
                0x08003d40                _etext = .
                0x08003d40                _sidata = .

.data           0x20000000      0x154 load address 0x08003d40
                0x20000000                _sdata = .
 *(.data .data.*)
 .data          0x20000000       0x34 ..\obj\stm32f4_discovery_audio_codec.o
                0x20000000                AudioTotalSize
                0x20000004                AudioRemSize
                0x20000008                CODECTimeout
                0x2000000c                CurrAudioInterface
                0x20000010                AUDIO_MAL_DMA_CLOCK
                0x20000014                AUDIO_MAL_DMA_STREAM
                0x20000018                AUDIO_MAL_DMA_DREG
                0x2000001c                AUDIO_MAL_DMA_IRQ
                0x20000020                AUDIO_MAL_DMA_FLAG_TC
                0x20000024                AUDIO_MAL_DMA_FLAG_HT
                0x20000028                AUDIO_MAL_DMA_FLAG_FE
                0x2000002c                AUDIO_MAL_DMA_FLAG_TE
                0x20000030                AUDIO_MAL_DMA_FLAG_DME
 .data          0x20000034        0x1 ..\obj\main.o
                0x20000034                init
 *fill*         0x20000035        0x3 00
 .data          0x20000038       0x10 ..\obj\stm32f4xx_rcc.o
 .data          0x20000048       0xf4 ..\obj\printf.o
                0x20000048                r
                0x20000138                _impure_ptr
 .data          0x2000013c       0x14 ..\obj\system_stm32f4xx.o
                0x2000013c                SystemCoreClock
                0x20000140                AHBPrescTable
 .data          0x20000150        0x4 ..\obj\stm32f4_discovery_lis302dl.o
                0x20000150                LIS302DLTimeout
                0x20000154                . = ALIGN (0x4)
                0x20000154                _edata = .

.igot.plt       0x20000154        0x0 load address 0x08003e94
 .igot.plt      0x00000000        0x0 ..\obj\semihosting.o

.bss            0x20000154      0x124 load address 0x08003e94
                0x20000154                _sbss = .
 *(.bss .bss.*)
 .bss           0x20000154       0x14 ..\obj\semihosting.o
 .bss           0x20000168       0x20 ..\obj\main.o
                0x20000178                Z_Offset
                0x20000179                idx
                0x2000017a                isConnected
                0x2000017c                TimerPeriod
                0x2000017e                Channel1Pulse
                0x20000180                Channel2Pulse
                0x20000182                Channel3Pulse
                0x20000184                Channel4Pulse
 *(COMMON)
 COMMON         0x20000188       0x7c ..\obj\stm32f4_discovery_audio_codec.o
                0x20000188                CurrentPos
                0x2000018c                AUDIO_MAL_DMA_InitStructure
                0x200001c8                DMA_InitStructure
 COMMON         0x20000204       0x71 ..\obj\main.o
                0x20000204                TIM_BDTRInitStructure
                0x20000214                TIM_TimeBaseStructure
                0x20000220                LIS302DL_InitStruct
                0x20000225                Y_Offset
                0x20000228                LIS302DL_FilterStruct
                0x2000022c                connected
                0x20000240                TIM_OCInitStructure
                0x20000254                X_Offset
                0x20000258                Buffer
                0x20000260                received_string
                0x20000278                . = ALIGN (0x4)
 *fill*         0x20000275        0x3 00
                0x20000278                _ebss = .

.co_stack       0x20000278      0x800 load address 0x08003fb8
                0x20000278                . = ALIGN (0x8)
 *(.co_stack .co_stack.*)
 .co_stack      0x20000278      0x800 ..\obj\startup_stm32f4xx.o
                0x20000278                pulStack
                0x20000a78                . = ALIGN (0x4)
                0x20000a78                _end = .
LOAD ..\obj\semihosting.o
LOAD ..\obj\stm32f4xx_syscfg.o
LOAD ..\obj\stm32f4_discovery_audio_codec.o
LOAD ..\obj\stm32f4xx_usart.o
LOAD ..\obj\stm32f4xx_dac.o
LOAD ..\obj\startup_stm32f4xx.o
LOAD ..\obj\stm32f4_discovery.o
LOAD ..\obj\main.o
LOAD ..\obj\stm32f4xx_rcc.o
LOAD ..\obj\printf.o
LOAD ..\obj\stm32f4xx_gpio.o
LOAD ..\obj\sh_cmd.o
LOAD ..\obj\system_stm32f4xx.o
LOAD ..\obj\syscalls.o
LOAD ..\obj\stm32f4xx_dma.o
LOAD ..\obj\stm32f4_discovery_callbacks.o
LOAD ..\obj\stm32f4xx_spi.o
LOAD ..\obj\stm32f4xx_i2c.o
LOAD ..\obj\stm32f4xx_exti.o
LOAD ..\obj\misc.o
LOAD ..\obj\stm32f4_discovery_lis302dl.o
LOAD ..\obj\stm32f4xx_tim.o
LOAD ..\..\..\STM32F4-Discovery\libpdmfilter_gcc.a
START GROUP
LOAD c:/program files (x86)/codesourcery/sourcery_codebench_lite_for_arm_eabi/bin/../lib/gcc/arm-none-eabi/4.6.3/thumb2\libgcc.a
LOAD c:/program files (x86)/codesourcery/sourcery_codebench_lite_for_arm_eabi/bin/../lib/gcc/arm-none-eabi/4.6.3/../../../../arm-none-eabi/lib/thumb2\libc.a
END GROUP
OUTPUT(QuadBtCore.elf elf32-littlearm)

.debug_info     0x00000000     0x9f06
 .debug_info    0x00000000      0x134 ..\obj\semihosting.o
 .debug_info    0x00000134     0x1183 ..\obj\stm32f4_discovery_audio_codec.o
 .debug_info    0x000012b7      0xa41 ..\obj\stm32f4xx_usart.o
 .debug_info    0x00001cf8      0x675 ..\obj\stm32f4xx_dac.o
 .debug_info    0x0000236d      0x101 ..\obj\startup_stm32f4xx.o
 .debug_info    0x0000246e     0x120f ..\obj\main.o
 .debug_info    0x0000367d      0xd16 ..\obj\stm32f4xx_rcc.o
 .debug_info    0x00004393      0xeb9 ..\obj\printf.o
 .debug_info    0x0000524c      0x62b ..\obj\stm32f4xx_gpio.o
 .debug_info    0x00005877       0x9d ..\obj\sh_cmd.o
 .debug_info    0x00005914      0x5eb ..\obj\system_stm32f4xx.o
 .debug_info    0x00005eff      0x795 ..\obj\stm32f4xx_dma.o
 .debug_info    0x00006694       0xef ..\obj\stm32f4_discovery_callbacks.o
 .debug_info    0x00006783      0xbbe ..\obj\stm32f4xx_spi.o
 .debug_info    0x00007341      0x586 ..\obj\misc.o
 .debug_info    0x000078c7      0x825 ..\obj\stm32f4_discovery_lis302dl.o
 .debug_info    0x000080ec     0x1e1a ..\obj\stm32f4xx_tim.o

.debug_abbrev   0x00000000     0x165e
 .debug_abbrev  0x00000000       0xa7 ..\obj\semihosting.o
 .debug_abbrev  0x000000a7      0x1f8 ..\obj\stm32f4_discovery_audio_codec.o
 .debug_abbrev  0x0000029f      0x14e ..\obj\stm32f4xx_usart.o
 .debug_abbrev  0x000003ed      0x172 ..\obj\stm32f4xx_dac.o
 .debug_abbrev  0x0000055f       0xac ..\obj\startup_stm32f4xx.o
 .debug_abbrev  0x0000060b      0x24f ..\obj\main.o
 .debug_abbrev  0x0000085a      0x1b7 ..\obj\stm32f4xx_rcc.o
 .debug_abbrev  0x00000a11      0x216 ..\obj\printf.o
 .debug_abbrev  0x00000c27      0x182 ..\obj\stm32f4xx_gpio.o
 .debug_abbrev  0x00000da9       0x14 ..\obj\sh_cmd.o
 .debug_abbrev  0x00000dbd      0x12f ..\obj\system_stm32f4xx.o
 .debug_abbrev  0x00000eec      0x14e ..\obj\stm32f4xx_dma.o
 .debug_abbrev  0x0000103a       0x8c ..\obj\stm32f4_discovery_callbacks.o
 .debug_abbrev  0x000010c6      0x160 ..\obj\stm32f4xx_spi.o
 .debug_abbrev  0x00001226      0x126 ..\obj\misc.o
 .debug_abbrev  0x0000134c      0x1af ..\obj\stm32f4_discovery_lis302dl.o
 .debug_abbrev  0x000014fb      0x163 ..\obj\stm32f4xx_tim.o

.debug_loc      0x00000000     0x49b6
 .debug_loc     0x00000000       0xa8 ..\obj\semihosting.o
 .debug_loc     0x000000a8      0x730 ..\obj\stm32f4_discovery_audio_codec.o
 .debug_loc     0x000007d8      0x658 ..\obj\stm32f4xx_usart.o
 .debug_loc     0x00000e30      0x3ac ..\obj\stm32f4xx_dac.o
 .debug_loc     0x000011dc       0x64 ..\obj\startup_stm32f4xx.o
 .debug_loc     0x00001240      0x488 ..\obj\main.o
 .debug_loc     0x000016c8      0x97c ..\obj\stm32f4xx_rcc.o
 .debug_loc     0x00002044      0x3ea ..\obj\printf.o
 .debug_loc     0x0000242e      0x310 ..\obj\stm32f4xx_gpio.o
 .debug_loc     0x0000273e       0x9c ..\obj\system_stm32f4xx.o
 .debug_loc     0x000027da      0x428 ..\obj\stm32f4xx_dma.o
 .debug_loc     0x00002c02       0x64 ..\obj\stm32f4_discovery_callbacks.o
 .debug_loc     0x00002c66      0x578 ..\obj\stm32f4xx_spi.o
 .debug_loc     0x000031de      0x118 ..\obj\misc.o
 .debug_loc     0x000032f6      0x2a0 ..\obj\stm32f4_discovery_lis302dl.o
 .debug_loc     0x00003596     0x1420 ..\obj\stm32f4xx_tim.o

.debug_aranges  0x00000000      0xc48
 .debug_aranges
                0x00000000       0x30 ..\obj\semihosting.o
 .debug_aranges
                0x00000030      0x130 ..\obj\stm32f4_discovery_audio_codec.o
 .debug_aranges
                0x00000160      0x100 ..\obj\stm32f4xx_usart.o
 .debug_aranges
                0x00000260       0xa0 ..\obj\stm32f4xx_dac.o
 .debug_aranges
                0x00000300       0x28 ..\obj\startup_stm32f4xx.o
 .debug_aranges
                0x00000328       0xc8 ..\obj\main.o
 .debug_aranges
                0x000003f0      0x178 ..\obj\stm32f4xx_rcc.o
 .debug_aranges
                0x00000568       0xa0 ..\obj\printf.o
 .debug_aranges
                0x00000608       0x88 ..\obj\stm32f4xx_gpio.o
 .debug_aranges
                0x00000690       0x20 ..\obj\sh_cmd.o
 .debug_aranges
                0x000006b0       0x30 ..\obj\system_stm32f4xx.o
 .debug_aranges
                0x000006e0       0xb0 ..\obj\stm32f4xx_dma.o
 .debug_aranges
                0x00000790       0x28 ..\obj\stm32f4_discovery_callbacks.o
 .debug_aranges
                0x000007b8       0xe0 ..\obj\stm32f4xx_spi.o
 .debug_aranges
                0x00000898       0x40 ..\obj\misc.o
 .debug_aranges
                0x000008d8       0x78 ..\obj\stm32f4_discovery_lis302dl.o
 .debug_aranges
                0x00000950      0x2f8 ..\obj\stm32f4xx_tim.o

.debug_ranges   0x00000000      0xb28
 .debug_ranges  0x00000000       0x20 ..\obj\semihosting.o
 .debug_ranges  0x00000020      0x120 ..\obj\stm32f4_discovery_audio_codec.o
 .debug_ranges  0x00000140       0xf0 ..\obj\stm32f4xx_usart.o
 .debug_ranges  0x00000230       0x90 ..\obj\stm32f4xx_dac.o
 .debug_ranges  0x000002c0       0x18 ..\obj\startup_stm32f4xx.o
 .debug_ranges  0x000002d8       0xb8 ..\obj\main.o
 .debug_ranges  0x00000390      0x168 ..\obj\stm32f4xx_rcc.o
 .debug_ranges  0x000004f8       0x90 ..\obj\printf.o
 .debug_ranges  0x00000588       0x78 ..\obj\stm32f4xx_gpio.o
 .debug_ranges  0x00000600       0x20 ..\obj\system_stm32f4xx.o
 .debug_ranges  0x00000620       0xa0 ..\obj\stm32f4xx_dma.o
 .debug_ranges  0x000006c0       0x18 ..\obj\stm32f4_discovery_callbacks.o
 .debug_ranges  0x000006d8       0xd0 ..\obj\stm32f4xx_spi.o
 .debug_ranges  0x000007a8       0x30 ..\obj\misc.o
 .debug_ranges  0x000007d8       0x68 ..\obj\stm32f4_discovery_lis302dl.o
 .debug_ranges  0x00000840      0x2e8 ..\obj\stm32f4xx_tim.o

.debug_line     0x00000000     0x3e16
 .debug_line    0x00000000       0xa9 ..\obj\semihosting.o
 .debug_line    0x000000a9      0x6f2 ..\obj\stm32f4_discovery_audio_codec.o
 .debug_line    0x0000079b      0x47b ..\obj\stm32f4xx_usart.o
 .debug_line    0x00000c16      0x337 ..\obj\stm32f4xx_dac.o
 .debug_line    0x00000f4d       0x9e ..\obj\startup_stm32f4xx.o
 .debug_line    0x00000feb      0x593 ..\obj\main.o
 .debug_line    0x0000157e      0x572 ..\obj\stm32f4xx_rcc.o
 .debug_line    0x00001af0      0x428 ..\obj\printf.o
 .debug_line    0x00001f18      0x316 ..\obj\stm32f4xx_gpio.o
 .debug_line    0x0000222e       0x7f ..\obj\sh_cmd.o
 .debug_line    0x000022ad      0x1f7 ..\obj\system_stm32f4xx.o
 .debug_line    0x000024a4      0x3b3 ..\obj\stm32f4xx_dma.o
 .debug_line    0x00002857      0x153 ..\obj\stm32f4_discovery_callbacks.o
 .debug_line    0x000029aa      0x42a ..\obj\stm32f4xx_spi.o
 .debug_line    0x00002dd4      0x21c ..\obj\misc.o
 .debug_line    0x00002ff0      0x3d6 ..\obj\stm32f4_discovery_lis302dl.o
 .debug_line    0x000033c6      0xa50 ..\obj\stm32f4xx_tim.o

.debug_str      0x00000000     0x3cfa
 .debug_str     0x00000000       0xd5 ..\obj\semihosting.o
                                0x10e (size before relaxing)
 .debug_str     0x000000d5      0xedc ..\obj\stm32f4_discovery_audio_codec.o
                                0xfcc (size before relaxing)
 .debug_str     0x00000fb1      0x4a0 ..\obj\stm32f4xx_usart.o
                                0x5e9 (size before relaxing)
 .debug_str     0x00001451      0x237 ..\obj\stm32f4xx_dac.o
                                0x3ad (size before relaxing)
 .debug_str     0x00001688       0xad ..\obj\startup_stm32f4xx.o
                                 0xd8 (size before relaxing)
 .debug_str     0x00001735      0x5bb ..\obj\main.o
                                0xf01 (size before relaxing)
 .debug_str     0x00001cf0      0x5e0 ..\obj\stm32f4xx_rcc.o
                                0x7aa (size before relaxing)
 .debug_str     0x000022d0      0x4af ..\obj\printf.o
                                0x5d6 (size before relaxing)
 .debug_str     0x0000277f      0x168 ..\obj\stm32f4xx_gpio.o
                                0x3fd (size before relaxing)
 .debug_str     0x000028e7      0x105 ..\obj\system_stm32f4xx.o
                                0x304 (size before relaxing)
 .debug_str     0x000029ec      0x25e ..\obj\stm32f4xx_dma.o
                                0x4a6 (size before relaxing)
 .debug_str     0x00002c4a       0x85 ..\obj\stm32f4_discovery_callbacks.o
                                0x149 (size before relaxing)
 .debug_str     0x00002ccf      0x315 ..\obj\stm32f4xx_spi.o
                                0x5e4 (size before relaxing)
 .debug_str     0x00002fe4      0x157 ..\obj\misc.o
                                0x333 (size before relaxing)
 .debug_str     0x0000313b      0x23f ..\obj\stm32f4_discovery_lis302dl.o
                                0x6b2 (size before relaxing)
 .debug_str     0x0000337a      0x980 ..\obj\stm32f4xx_tim.o
                                0xd2a (size before relaxing)

.comment        0x00000000       0x30
 .comment       0x00000000       0x30 ..\obj\semihosting.o
                                 0x31 (size before relaxing)
 .comment       0x00000000       0x31 ..\obj\stm32f4_discovery_audio_codec.o
 .comment       0x00000000       0x31 ..\obj\stm32f4xx_usart.o
 .comment       0x00000000       0x31 ..\obj\stm32f4xx_dac.o
 .comment       0x00000000       0x31 ..\obj\startup_stm32f4xx.o
 .comment       0x00000000       0x31 ..\obj\main.o
 .comment       0x00000000       0x31 ..\obj\stm32f4xx_rcc.o
 .comment       0x00000000       0x31 ..\obj\printf.o
 .comment       0x00000000       0x31 ..\obj\stm32f4xx_gpio.o
 .comment       0x00000000       0x31 ..\obj\system_stm32f4xx.o
 .comment       0x00000000       0x31 ..\obj\stm32f4xx_dma.o
 .comment       0x00000000       0x31 ..\obj\stm32f4_discovery_callbacks.o
 .comment       0x00000000       0x31 ..\obj\stm32f4xx_spi.o
 .comment       0x00000000       0x31 ..\obj\misc.o
 .comment       0x00000000       0x31 ..\obj\stm32f4_discovery_lis302dl.o
 .comment       0x00000000       0x31 ..\obj\stm32f4xx_tim.o

.ARM.attributes
                0x00000000       0x31
 .ARM.attributes
                0x00000000       0x33 ..\obj\semihosting.o
 .ARM.attributes
                0x00000033       0x33 ..\obj\stm32f4_discovery_audio_codec.o
 .ARM.attributes
                0x00000066       0x33 ..\obj\stm32f4xx_usart.o
 .ARM.attributes
                0x00000099       0x33 ..\obj\stm32f4xx_dac.o
 .ARM.attributes
                0x000000cc       0x33 ..\obj\startup_stm32f4xx.o
 .ARM.attributes
                0x000000ff       0x33 ..\obj\main.o
 .ARM.attributes
                0x00000132       0x33 ..\obj\stm32f4xx_rcc.o
 .ARM.attributes
                0x00000165       0x33 ..\obj\printf.o
 .ARM.attributes
                0x00000198       0x33 ..\obj\stm32f4xx_gpio.o
 .ARM.attributes
                0x000001cb       0x21 ..\obj\sh_cmd.o
 .ARM.attributes
                0x000001ec       0x33 ..\obj\system_stm32f4xx.o
 .ARM.attributes
                0x0000021f       0x33 ..\obj\stm32f4xx_dma.o
 .ARM.attributes
                0x00000252       0x33 ..\obj\stm32f4_discovery_callbacks.o
 .ARM.attributes
                0x00000285       0x33 ..\obj\stm32f4xx_spi.o
 .ARM.attributes
                0x000002b8       0x33 ..\obj\misc.o
 .ARM.attributes
                0x000002eb       0x33 ..\obj\stm32f4_discovery_lis302dl.o
 .ARM.attributes
                0x0000031e       0x33 ..\obj\stm32f4xx_tim.o
 .ARM.attributes
                0x00000351       0x1b c:/program files (x86)/codesourcery/sourcery_codebench_lite_for_arm_eabi/bin/../lib/gcc/arm-none-eabi/4.6.3/thumb2\libgcc.a(_arm_addsubsf3.o)
 .ARM.attributes
                0x0000036c       0x1b c:/program files (x86)/codesourcery/sourcery_codebench_lite_for_arm_eabi/bin/../lib/gcc/arm-none-eabi/4.6.3/thumb2\libgcc.a(_arm_muldivsf3.o)
 .ARM.attributes
                0x00000387       0x1b c:/program files (x86)/codesourcery/sourcery_codebench_lite_for_arm_eabi/bin/../lib/gcc/arm-none-eabi/4.6.3/thumb2\libgcc.a(_arm_fixsfsi.o)

.debug_frame    0x00000000     0x2778
 .debug_frame   0x00000000       0x70 ..\obj\semihosting.o
 .debug_frame   0x00000070      0x438 ..\obj\stm32f4_discovery_audio_codec.o
 .debug_frame   0x000004a8      0x344 ..\obj\stm32f4xx_usart.o
 .debug_frame   0x000007ec      0x1ec ..\obj\stm32f4xx_dac.o
 .debug_frame   0x000009d8       0x48 ..\obj\startup_stm32f4xx.o
 .debug_frame   0x00000a20      0x298 ..\obj\main.o
 .debug_frame   0x00000cb8      0x4d8 ..\obj\stm32f4xx_rcc.o
 .debug_frame   0x00001190      0x248 ..\obj\printf.o
 .debug_frame   0x000013d8      0x19c ..\obj\stm32f4xx_gpio.o
 .debug_frame   0x00001574       0x64 ..\obj\system_stm32f4xx.o
 .debug_frame   0x000015d8      0x224 ..\obj\stm32f4xx_dma.o
 .debug_frame   0x000017fc       0x44 ..\obj\stm32f4_discovery_callbacks.o
 .debug_frame   0x00001840      0x2d0 ..\obj\stm32f4xx_spi.o
 .debug_frame   0x00001b10       0x9c ..\obj\misc.o
 .debug_frame   0x00001bac      0x190 ..\obj\stm32f4_discovery_lis302dl.o
 .debug_frame   0x00001d3c      0xa3c ..\obj\stm32f4xx_tim.o
